******************************************************************************
       MSP430 Evaluation Linker PC v3.3.2                      
******************************************************************************
>> Linked Sun Mar 20 16:54:46 2011

OUTPUT FILE NAME:   <tempdemo.out>
ENTRY POINT SYMBOL: "_c_int00"  address: 0000fc8c


MEMORY CONFIGURATION

         name            origin    length      used     unused   attr    fill
----------------------  --------  ---------  --------  --------  ----  --------
  SFR                   00000000   00000010  00000000  00000010  RWIX
  PERIPHERALS_8BIT      00000010   000000f0  00000000  000000f0  RWIX
  PERIPHERALS_16BIT     00000100   00000100  00000000  00000100  RWIX
  RAM                   00000200   00000080  00000070  00000010  RWIX
  INFOD                 00001000   00000040  00000000  00000040  RWIX
  INFOC                 00001040   00000040  00000000  00000040  RWIX
  INFOB                 00001080   00000040  00000000  00000040  RWIX
  INFOA                 000010c0   00000040  00000000  00000040  RWIX
  FLASH                 0000f800   000007e0  000005d2  0000020e  RWIX
  INT00                 0000ffe0   00000002  00000000  00000002  RWIX
  INT01                 0000ffe2   00000002  00000000  00000002  RWIX
  INT02                 0000ffe4   00000002  00000002  00000000  RWIX
  INT03                 0000ffe6   00000002  00000000  00000002  RWIX
  INT04                 0000ffe8   00000002  00000000  00000002  RWIX
  INT05                 0000ffea   00000002  00000002  00000000  RWIX
  INT06                 0000ffec   00000002  00000000  00000002  RWIX
  INT07                 0000ffee   00000002  00000000  00000002  RWIX
  INT08                 0000fff0   00000002  00000002  00000000  RWIX
  INT09                 0000fff2   00000002  00000002  00000000  RWIX
  INT10                 0000fff4   00000002  00000002  00000000  RWIX
  INT11                 0000fff6   00000002  00000000  00000002  RWIX
  INT12                 0000fff8   00000002  00000000  00000002  RWIX
  INT13                 0000fffa   00000002  00000000  00000002  RWIX
  INT14                 0000fffc   00000002  00000000  00000002  RWIX
  RESET                 0000fffe   00000002  00000002  00000000  RWIX


SECTION ALLOCATION MAP

 output                                  attributes/
section   page    origin      length       input sections
--------  ----  ----------  ----------   ----------------
.pinit     0    0000f800    00000000     UNINITIALIZED

.bss       0    00000200    0000003e     UNINITIALIZED
                  00000200    00000036     main.obj (.bss)
                  00000236    00000004     rts430.lib : _lock.obj (.bss)
                  0000023a    00000004                : boot.obj (.bss)

.stack     0    0000024c    00000032     UNINITIALIZED
                  0000024c    00000002     rts430.lib : boot.obj (.stack)
                  0000024e    00000030     --HOLE--

.text      0    0000f800    000005b2     
                  0000f800    000001c0     main.obj (.text:main)
                  0000f9c0    00000064     main.obj (.text:ConfigureAdcTempSensor)
                  0000fa24    0000005c     main.obj (.text:Timer_A)
                  0000fa80    00000058     rts430.lib : div32u.obj (.text)
                  0000fad8    00000046                : autoinit.obj (.text:_auto_init)
                  0000fb1e    00000040                : div32s.obj (.text)
                  0000fb5e    0000003e     main.obj (.text:Transmit)
                  0000fb9c    0000003e     rts430.lib : asr32.obj (.text:l_asr_const)
                  0000fbda    0000003e                : lsl32.obj (.text:l_lsl_const)
                  0000fc18    0000003a     main.obj (.text:PORT1_ISR)
                  0000fc52    0000003a     main.obj (.text:PreApplicationMode)
                  0000fc8c    00000026     rts430.lib : boot.obj (.text:_c_int00_noexit)
                  0000fcb2    00000026                : mult32.obj (.text)
                  0000fcd8    00000022     main.obj (.text:ConfigureTimerPwm)
                  0000fcfa    0000001a     main.obj (.text:ConfigureTimerUart)
                  0000fd14    0000001a     main.obj (.text:InitializeButton)
                  0000fd2e    0000001a     main.obj (.text:ta1_isr)
                  0000fd48    00000014     main.obj (.text:InitializeClocks)
                  0000fd5c    00000014     main.obj (.text:WDT_ISR)
                  0000fd70    00000012     rts430.lib : memcpy.obj (.text:memcpy)
                  0000fd82    00000010                : epilog.obj (.text)
                  0000fd92    0000000e     main.obj (.text:InitializeLeds)
                  0000fda0    00000008     main.obj (.text:ADC10_ISR)
                  0000fda8    00000004     rts430.lib : pre_init.obj (.text:_system_pre_init)
                  0000fdac    00000004                : exit.obj (.text:abort)
                  0000fdb0    00000002                : _lock.obj (.text:_nop)

.cinit     0    0000fdb2    00000020     
                  0000fdb2    0000001d     main.obj (.cinit)
                  0000fdcf    00000001     --HOLE-- [fill = 0]
                  0000fdd0    00000002     (.pad.cinit) [fill = 0]

.int02     0    0000ffe4    00000002     
                  0000ffe4    00000002     main.obj (.int02)

.int05     0    0000ffea    00000002     
                  0000ffea    00000002     main.obj (.int05)

.int08     0    0000fff0    00000002     
                  0000fff0    00000002     main.obj (.int08)

.int09     0    0000fff2    00000002     
                  0000fff2    00000002     main.obj (.int09)

.int10     0    0000fff4    00000002     
                  0000fff4    00000002     main.obj (.int10)

.reset     0    0000fffe    00000002     
                  0000fffe    00000002     rts430.lib : boot.obj (.reset)


GLOBAL SYMBOLS: SORTED ALPHABETICALLY BY Name 

address    name
--------   ----
00000200   .bss
0000f800   .text
0000004a   ADC10AE0
000001b0   ADC10CTL0
000001b2   ADC10CTL1
00000048   ADC10DTC0
00000049   ADC10DTC1
000001b4   ADC10MEM
000001bc   ADC10SA
0000fda0   ADC10_ISR
00000057   BCSCTL1
00000058   BCSCTL2
00000053   BCSCTL3
00000200   BitCnt
0000fdac   C$$EXIT
000010ff   CALBC1_1MHZ
000010fe   CALDCO_1MHZ
0000f9c0   ConfigureAdcTempSensor
0000fcd8   ConfigureTimerPwm
0000fcfa   ConfigureTimerUart
00000056   DCOCTL
00000128   FCTL1
0000012a   FCTL2
0000012c   FCTL3
00000000   IE1
00000002   IFG1
0000fd14   InitializeButton
0000fd48   InitializeClocks
0000fd92   InitializeLeds
0000fbd4   L_ASR_1
0000fbb0   L_ASR_10
0000fbac   L_ASR_11
0000fba8   L_ASR_12
0000fba4   L_ASR_13
0000fba0   L_ASR_14
0000fb9c   L_ASR_15
0000fbd0   L_ASR_2
0000fbcc   L_ASR_3
0000fbc8   L_ASR_4
0000fbc4   L_ASR_5
0000fbc0   L_ASR_6
0000fbbc   L_ASR_7
0000fbb8   L_ASR_8
0000fbb4   L_ASR_9
0000fc12   L_LSL_1
0000fbee   L_LSL_10
0000fbea   L_LSL_11
0000fbe6   L_LSL_12
0000fbe2   L_LSL_13
0000fbde   L_LSL_14
0000fbda   L_LSL_15
0000fc0e   L_LSL_2
0000fc0a   L_LSL_3
0000fc06   L_LSL_4
0000fc02   L_LSL_5
0000fbfe   L_LSL_6
0000fbfa   L_LSL_7
0000fbf6   L_LSL_8
0000fbf2   L_LSL_9
00000022   P1DIR
00000025   P1IE
00000024   P1IES
00000023   P1IFG
00000020   P1IN
00000021   P1OUT
00000027   P1REN
00000026   P1SEL
0000002a   P2DIR
0000002d   P2IE
0000002c   P2IES
0000002b   P2IFG
00000028   P2IN
00000029   P2OUT
0000002f   P2REN
0000002e   P2SEL
0000fc18   PORT1_ISR
0000fc52   PreApplicationMode
00000172   TACCR0
00000174   TACCR1
00000162   TACCTL0
00000164   TACCTL1
00000160   TACTL
0000012e   TAIV
00000170   TAR
00000206   TXByte
0000fa24   Timer_A
0000fb5e   Transmit
0000007a   USICCTL
0000007a   USICKCTL
0000007b   USICNT
00000078   USICTL
00000078   USICTL0
00000079   USICTL1
0000007c   USISR
0000007d   USISRH
0000007c   USISRL
00000120   WDTCTL
0000fd5c   WDT_ISR
0000027e   __STACK_END
00000032   __STACK_SIZE
00000001   __TI_args_main
00000001   __TI_auto_init
00000001   __TI_exit
ffffffff   __binit__
00000200   __bss__
ffffffff   __c_args__
0000fdb2   __cinit__
0000fb1e   __divli
0000fa80   __divul
0000023e   __end__
0000fdb2   __etext__
0000fcb2   __mpyl
ffffffff   __pinit__
0000fb1e   __remli
0000fa80   __remul
0000f800   __text__
0000fad8   _auto_init
0000fc8c   _c_int00
0000fc8c   _c_int00_noexit
0000023a   _cleanup_ptr
0000023c   _dtors_ptr
00000236   _lock
0000fdb0   _nop
0000fffe   _reset_vector
0000024c   _stack
0000fda8   _system_pre_init
00000238   _unlock
0000fdac   abort
00000201   applicationMode
ffffffff   binit
00000204   calibrateUpdate
0000fdb2   cinit
0000023e   end
0000fdb2   etext
0000fd8e   func_epilog_1
0000fd8c   func_epilog_2
0000fd8a   func_epilog_3
0000fd88   func_epilog_4
0000fd86   func_epilog_5
0000fd84   func_epilog_6
0000fd82   func_epilog_7
0000f800   main
0000fd70   memcpy
ffffffff   pinit
0000fd2e   ta1_isr
0000022a   tempAverage
0000022e   tempCalibrated
00000232   tempDifference
00000208   tempMeasured
00000228   tempMeasuredPosition
00000203   tempMode
00000205   tempPolarity
00000202   timerMode


GLOBAL SYMBOLS: SORTED BY Symbol Address 

address    name
--------   ----
00000000   IE1
00000001   __TI_args_main
00000001   __TI_auto_init
00000001   __TI_exit
00000002   IFG1
00000020   P1IN
00000021   P1OUT
00000022   P1DIR
00000023   P1IFG
00000024   P1IES
00000025   P1IE
00000026   P1SEL
00000027   P1REN
00000028   P2IN
00000029   P2OUT
0000002a   P2DIR
0000002b   P2IFG
0000002c   P2IES
0000002d   P2IE
0000002e   P2SEL
0000002f   P2REN
00000032   __STACK_SIZE
00000048   ADC10DTC0
00000049   ADC10DTC1
0000004a   ADC10AE0
00000053   BCSCTL3
00000056   DCOCTL
00000057   BCSCTL1
00000058   BCSCTL2
00000078   USICTL
00000078   USICTL0
00000079   USICTL1
0000007a   USICCTL
0000007a   USICKCTL
0000007b   USICNT
0000007c   USISR
0000007c   USISRL
0000007d   USISRH
00000120   WDTCTL
00000128   FCTL1
0000012a   FCTL2
0000012c   FCTL3
0000012e   TAIV
00000160   TACTL
00000162   TACCTL0
00000164   TACCTL1
00000170   TAR
00000172   TACCR0
00000174   TACCR1
000001b0   ADC10CTL0
000001b2   ADC10CTL1
000001b4   ADC10MEM
000001bc   ADC10SA
00000200   .bss
00000200   BitCnt
00000200   __bss__
00000201   applicationMode
00000202   timerMode
00000203   tempMode
00000204   calibrateUpdate
00000205   tempPolarity
00000206   TXByte
00000208   tempMeasured
00000228   tempMeasuredPosition
0000022a   tempAverage
0000022e   tempCalibrated
00000232   tempDifference
00000236   _lock
00000238   _unlock
0000023a   _cleanup_ptr
0000023c   _dtors_ptr
0000023e   __end__
0000023e   end
0000024c   _stack
0000027e   __STACK_END
000010fe   CALDCO_1MHZ
000010ff   CALBC1_1MHZ
0000f800   .text
0000f800   __text__
0000f800   main
0000f9c0   ConfigureAdcTempSensor
0000fa24   Timer_A
0000fa80   __divul
0000fa80   __remul
0000fad8   _auto_init
0000fb1e   __divli
0000fb1e   __remli
0000fb5e   Transmit
0000fb9c   L_ASR_15
0000fba0   L_ASR_14
0000fba4   L_ASR_13
0000fba8   L_ASR_12
0000fbac   L_ASR_11
0000fbb0   L_ASR_10
0000fbb4   L_ASR_9
0000fbb8   L_ASR_8
0000fbbc   L_ASR_7
0000fbc0   L_ASR_6
0000fbc4   L_ASR_5
0000fbc8   L_ASR_4
0000fbcc   L_ASR_3
0000fbd0   L_ASR_2
0000fbd4   L_ASR_1
0000fbda   L_LSL_15
0000fbde   L_LSL_14
0000fbe2   L_LSL_13
0000fbe6   L_LSL_12
0000fbea   L_LSL_11
0000fbee   L_LSL_10
0000fbf2   L_LSL_9
0000fbf6   L_LSL_8
0000fbfa   L_LSL_7
0000fbfe   L_LSL_6
0000fc02   L_LSL_5
0000fc06   L_LSL_4
0000fc0a   L_LSL_3
0000fc0e   L_LSL_2
0000fc12   L_LSL_1
0000fc18   PORT1_ISR
0000fc52   PreApplicationMode
0000fc8c   _c_int00
0000fc8c   _c_int00_noexit
0000fcb2   __mpyl
0000fcd8   ConfigureTimerPwm
0000fcfa   ConfigureTimerUart
0000fd14   InitializeButton
0000fd2e   ta1_isr
0000fd48   InitializeClocks
0000fd5c   WDT_ISR
0000fd70   memcpy
0000fd82   func_epilog_7
0000fd84   func_epilog_6
0000fd86   func_epilog_5
0000fd88   func_epilog_4
0000fd8a   func_epilog_3
0000fd8c   func_epilog_2
0000fd8e   func_epilog_1
0000fd92   InitializeLeds
0000fda0   ADC10_ISR
0000fda8   _system_pre_init
0000fdac   C$$EXIT
0000fdac   abort
0000fdb0   _nop
0000fdb2   __cinit__
0000fdb2   __etext__
0000fdb2   cinit
0000fdb2   etext
0000fffe   _reset_vector
ffffffff   __binit__
ffffffff   __c_args__
ffffffff   __pinit__
ffffffff   binit
ffffffff   pinit

[153 symbols]
